// Jest Snapshot v1, https://goo.gl/fbAQLP

exports[`<Posts /> should match snapshot 1`] = `
<div
  class="posts"
>
  <div
    class="post"
  >
    <div
      class="post-content"
    >
      <img
        alt="title 1"
        src="img/img1.png"
      />
      <h2>
        title 1
         
        1
      </h2>
      <p>
        body 1
      </p>
    </div>
  </div>
  <div
    class="post"
  >
    <div
      class="post-content"
    >
      <img
        alt="title 2"
        src="img/img2.png"
      />
      <h2>
        title 2
         
        2
      </h2>
      <p>
        body 2
      </p>
    </div>
  </div>
  <div
    class="post"
  >
    <div
      class="post-content"
    >
      <img
        alt="title 3"
        src="img/img3.png"
      />
      <h2>
        title 3
         
        3
      </h2>
      <p>
        body 3
      </p>
    </div>
  </div>
</div>
`;
